2026-02-14 16:46:50,177 [Worker-1: Loading available Gradle versions] INFO  o.e.b.c.i.u.g.PublishedGradleVersions - Gradle version information cache is not available. Remote download required.
2026-02-19 12:49:33,934 [Worker-6: Loading available Gradle versions] INFO  o.e.b.c.i.u.g.PublishedGradleVersions - Gradle version information cache is out-of-date. Trying to update.
2026-02-20 10:55:11,550 [Worker-2: Loading available Gradle versions] INFO  o.e.b.c.i.u.g.PublishedGradleVersions - Gradle version information cache is up-to-date. Trying to read.
2026-02-20 11:13:29,398 [Worker-51: https://download.eclipse.org/stats/releases/2026-03/org.eclipse.ui.console/3.16.0.v20260123-1616] INFO  o.a.h.c.h.i.c.HttpRequestRetryExec - ex-0000000154 recoverable I/O exception (java.net.SocketException) caught when sending request to https://download.eclipse.org:443;request will be automatically re-executed in 0 MILLISECONDS (exec count 2)
2026-02-20 11:16:51,877 [Worker-43: https://mirror.aarnet.edu.au/pub/eclipse/releases/2026-03/202602201000/plugins/org.eclipse.oomph.setup.ui_1.36.0.v20260212-1311.jar] INFO  o.a.h.c.h.i.c.HttpRequestRetryExec - ex-0000000158 recoverable I/O exception (org.apache.hc.core5.http.NoHttpResponseException) caught when sending request to https://mirror.aarnet.edu.au:443;request will be automatically re-executed in 0 MILLISECONDS (exec count 2)
2026-02-20 11:17:30,333 [Worker-35: https://mirror.aarnet.edu.au/pub/eclipse/releases/2026-03/202602201000/plugins/org.eclipse.oomph.setup.ui_1.36.0.v20260212-1311.jar] INFO  o.a.h.c.h.i.c.HttpRequestRetryExec - ex-0000000161 recoverable I/O exception (java.net.SocketException) caught when sending request to https://mirror.aarnet.edu.au:443;request will be automatically re-executed in 0 MILLISECONDS (exec count 2)
2026-02-20 11:23:52,847 [Worker-41: https://eclipse.mirror.rafal.ca/releases/2026-03/202602201000/plugins/org.eclipse.platform.doc.user_4.39.0.v20260204-1328.jar] INFO  o.a.h.c.h.i.c.HttpRequestRetryExec - ex-0000000171 recoverable I/O exception (java.net.SocketException) caught when sending request to https://eclipse.mirror.rafal.ca:443;request will be automatically re-executed in 0 MILLISECONDS (exec count 2)
2026-02-20 11:33:23,123 [Worker-24: https://eclipse.c3sl.ufpr.br/releases/2026-03/202602201000/plugins/org.eclipse.jgit_7.6.0.202602181523-m3.jar] INFO  o.a.h.c.h.i.c.HttpRequestRetryExec - ex-0000000189 recoverable I/O exception (java.net.SocketException) caught when sending request to https://eclipse.c3sl.ufpr.br:443;request will be automatically re-executed in 0 MILLISECONDS (exec count 2)
2026-02-20 11:41:36,133 [Worker-57: https://mirror.aarnet.edu.au/pub/eclipse/releases/2026-03/202602201000/features/org.eclipse.e4.rcp_4.39.0.v20260212-2135.jar] INFO  o.a.h.c.h.i.c.HttpRequestRetryExec - ex-0000000201 recoverable I/O exception (org.apache.hc.core5.http.NoHttpResponseException) caught when sending request to https://mirror.aarnet.edu.au:443;request will be automatically re-executed in 0 MILLISECONDS (exec count 2)
2026-02-20 11:42:29,732 [Worker-63: https://mirror.aarnet.edu.au/pub/eclipse/releases/2026-03/202602201000/features/org.eclipse.e4.rcp_4.39.0.v20260212-2135.jar] INFO  o.a.h.c.h.i.c.HttpRequestRetryExec - ex-0000000206 recoverable I/O exception (org.apache.hc.core5.http.NoHttpResponseException) caught when sending request to https://mirror.aarnet.edu.au:443;request will be automatically re-executed in 0 MILLISECONDS (exec count 2)
2026-02-20 11:43:09,656 [Worker-65: https://mirror.aarnet.edu.au/pub/eclipse/releases/2026-03/202602201000/plugins/org.eclipse.oomph.setup.ui_1.36.0.v20260212-1311.jar] INFO  o.a.h.c.h.i.c.HttpRequestRetryExec - ex-0000000208 recoverable I/O exception (java.net.SocketException) caught when sending request to https://mirror.aarnet.edu.au:443;request will be automatically re-executed in 0 MILLISECONDS (exec count 2)
2026-02-20 11:43:58,680 [Worker-44: https://mirror.aarnet.edu.au/pub/eclipse/releases/2026-03/202602201000/plugins/org.eclipse.oomph.setup.ui_1.36.0.v20260212-1311.jar] INFO  o.a.h.c.h.i.c.HttpRequestRetryExec - ex-0000000210 recoverable I/O exception (org.apache.hc.core5.http.NoHttpResponseException) caught when sending request to https://mirror.aarnet.edu.au:443;request will be automatically re-executed in 0 MILLISECONDS (exec count 2)
2026-02-20 11:48:10,925 [Worker-43: https://download.eclipse.org/stats/releases/2026-03/org.eclipse.e4.rcp.feature.jar/4.39.0.v20260212-2135] INFO  o.a.h.c.h.i.c.HttpRequestRetryExec - ex-0000000212 recoverable I/O exception (org.apache.hc.core5.http.NoHttpResponseException) caught when sending request to https://download.eclipse.org:443;request will be automatically re-executed in 0 MILLISECONDS (exec count 2)
2026-02-20 11:53:10,904 [Worker-44: https://eclipse.mirror.rafal.ca/releases/2026-03/202602201000/features/org.eclipse.help_2.3.2500.v20260212-1800.jar] INFO  o.a.h.c.h.i.c.HttpRequestRetryExec - ex-0000000223 recoverable I/O exception (java.net.SocketException) caught when sending request to https://eclipse.mirror.rafal.ca:443;request will be automatically re-executed in 0 MILLISECONDS (exec count 2)
2026-02-20 11:54:42,222 [Worker-24: https://eclipse.mirror.rafal.ca/releases/2026-03/202602201000/plugins/org.eclipse.swt.win32.win32.x86_64_3.133.0.v20260212-2135.jar] INFO  o.a.h.c.h.i.c.HttpRequestRetryExec - ex-0000000225 recoverable I/O exception (java.net.SocketException) caught when sending request to https://eclipse.mirror.rafal.ca:443;request will be automatically re-executed in 0 MILLISECONDS (exec count 2)
2026-02-20 11:54:42,222 [Worker-68: https://eclipse.mirror.rafal.ca/releases/2026-03/202602201000/features/org.eclipse.jdt_3.20.500.v20260212-2209.jar] INFO  o.a.h.c.h.i.c.HttpRequestRetryExec - ex-0000000228 recoverable I/O exception (java.net.SocketException) caught when sending request to https://eclipse.mirror.rafal.ca:443;request will be automatically re-executed in 0 MILLISECONDS (exec count 2)
2026-02-21 08:55:52,036 [Worker-3: Loading available Gradle versions] INFO  o.e.b.c.i.u.g.PublishedGradleVersions - Gradle version information cache is out-of-date. Trying to update.
2026-02-21 09:42:39,668 [Worker-1: Loading available Gradle versions] INFO  o.e.b.c.i.u.g.PublishedGradleVersions - Gradle version information cache is up-to-date. Trying to read.
2026-02-21 09:57:51,686 [Worker-6: Loading available Gradle versions] INFO  o.e.b.c.i.u.g.PublishedGradleVersions - Gradle version information cache is up-to-date. Trying to read.
2026-02-21 10:38:57,711 [Worker-2: Loading available Gradle versions] INFO  o.e.b.c.i.u.g.PublishedGradleVersions - Gradle version information cache is up-to-date. Trying to read.
2026-02-21 17:42:33,339 [Worker-3: Loading available Gradle versions] INFO  o.e.b.c.i.u.g.PublishedGradleVersions - Gradle version information cache is up-to-date. Trying to read.
2026-02-22 08:36:52,178 [Worker-5: Loading available Gradle versions] INFO  o.e.b.c.i.u.g.PublishedGradleVersions - Gradle version information cache is up-to-date. Trying to read.
2026-02-22 15:39:26,802 [Worker-4: Loading available Gradle versions] INFO  o.e.b.c.i.u.g.PublishedGradleVersions - Gradle version information cache is out-of-date. Trying to update.
2026-02-22 20:45:02,515 [Worker-5: Loading available Gradle versions] INFO  o.e.b.c.i.u.g.PublishedGradleVersions - Gradle version information cache is up-to-date. Trying to read.
2026-02-22 21:18:27,812 [Worker-16: Loading available Gradle versions] INFO  o.e.b.c.i.u.g.PublishedGradleVersions - Gradle version information cache is up-to-date. Trying to read.
2026-02-25 19:53:52,605 [Worker-14: Loading available Gradle versions] INFO  o.e.b.c.i.u.g.PublishedGradleVersions - Gradle version information cache is out-of-date. Trying to update.
2026-02-26 10:17:43,412 [Worker-3: Loading available Gradle versions] INFO  o.e.b.c.i.u.g.PublishedGradleVersions - Gradle version information cache is up-to-date. Trying to read.
2026-03-03 13:24:31,885 [Worker-3: Loading available Gradle versions] INFO  o.e.b.c.i.u.g.PublishedGradleVersions - Gradle version information cache is out-of-date. Trying to update.
2026-03-19 19:49:47,083 [Worker-1: Loading available Gradle versions] INFO  o.e.b.c.i.u.g.PublishedGradleVersions - Gradle version information cache is out-of-date. Trying to update.
